
Copyright (C) 1994-2019 Synopsys, Inc.
This Synopsys software and all associated documentation are proprietary to Synopsys, Inc.
and may only be used pursuant to the terms and conditions of a written license agreement
with Synopsys, Inc. All other use, reproduction, modification, or distribution of the
Synopsys software or the associated documentation is strictly prohibited.
Tool: Synplify Pro (R)
Build: P-2019.03G-Beta4
Install: C:\Gowin\Gowin_V1.9.2Beta\SynplifyPro
OS: Windows 6.1

Hostname: GOWIN-PC

Implementation : rev_1

# Written on Fri Sep 27 12:38:05 2019

##### DESIGN INFO #######################################################

Top View:                "LCD_FIFO"
Constraint File(s):      (none)




##### SUMMARY ############################################################

Found 0 issues in 0 out of 0 constraints


##### DETAILS ############################################################



Clock Relationships
*******************

Starting           Ending             |     rise to rise     |     fall to fall     |     rise to fall     |     fall to rise                     
-------------------------------------------------------------------------------------------------------------------------------------------------
LCD_FIFO|WrClk     LCD_FIFO|WrClk     |     12.083           |     12.083           |     No paths         |     6.041                            
LCD_FIFO|WrClk     LCD_FIFO|RdClk     |     Diff grp         |     No paths         |     No paths         |     No paths                         
LCD_FIFO|RdClk     LCD_FIFO|WrClk     |     Diff grp         |     No paths         |     No paths         |     No paths                         
LCD_FIFO|RdClk     LCD_FIFO|RdClk     |     12.099           |     12.099           |     No paths         |     6.050                            
=================================================================================================================================================
 Note: 'No paths' indicates there are no paths in the design for that pair of clock edges.
       'Diff grp' indicates that paths exist but the starting clock and ending clock are in different clock groups.


Unconstrained Start/End Points
******************************

p:Almost_Empty
p:Almost_Full
p:Data[0]
p:Data[1]
p:Data[2]
p:Data[3]
p:Data[4]
p:Data[5]
p:Data[6]
p:Data[7]
p:Data[8]
p:Data[9]
p:Data[10]
p:Data[11]
p:Data[12]
p:Data[13]
p:Data[14]
p:Data[15]
p:Data[16]
p:Data[17]
p:Data[18]
p:Data[19]
p:Empty
p:Full
p:Q[0]
p:Q[1]
p:Q[2]
p:Q[3]
p:Q[4]
p:Q[5]
p:Q[6]
p:Q[7]
p:Q[8]
p:Q[9]
p:Q[10]
p:Q[11]
p:Q[12]
p:Q[13]
p:Q[14]
p:Q[15]
p:Q[16]
p:Q[17]
p:Q[18]
p:Q[19]
p:RdEn
p:Reset
p:WrEn


Inapplicable constraints
************************

(none)


Applicable constraints with issues
**********************************

(none)


Constraints with matching wildcard expressions
**********************************************

(none)


Library Report
**************


# End of Constraint Checker Report
